// Jest Snapshot v1, https://goo.gl/fbAQLP

exports[`<TodoItem /> 1`] = `
<WithStyles(ForwardRef(TableRow))>
  <WithStyles(ForwardRef(TableCell))>
    <WithStyles(ForwardRef(Checkbox))
      checked={true}
      onChange={[Function]}
    />
  </WithStyles(ForwardRef(TableCell))>
  <WithStyles(ForwardRef(TableCell))>
    test todo item
  </WithStyles(ForwardRef(TableCell))>
  <WithStyles(ForwardRef(TableCell))>
    Jan 01 12:00
  </WithStyles(ForwardRef(TableCell))>
  <WithStyles(ForwardRef(TableCell))>
    <ForwardRef(Fade)
      in={false}
    >
      <WithStyles(ForwardRef(IconButton))
        color="secondary"
        onClick={[Function]}
      >
        <DeleteIcon />
      </WithStyles(ForwardRef(IconButton))>
    </ForwardRef(Fade)>
  </WithStyles(ForwardRef(TableCell))>
</WithStyles(ForwardRef(TableRow))>
`;
